../Core/Src/mt6835.c:44:16:crc_table	24	static
../Core/Src/mt6835.c:60:6:mt6835_enable_crc_check	16	static
../Core/Src/mt6835.c:69:6:mt6835_disable_crc_check	16	static
../Core/Src/mt6835.c:79:28:mt6835_cs_control	16	static
../Core/Src/mt6835.c:83:28:mt6835_cs2_control	16	static
../Core/Src/mt6835.c:93:28:mt6835_spi_send	16	static
../Core/Src/mt6835.c:105:28:mt6835_spi_recv	16	static
../Core/Src/mt6835.c:117:28:mt6835_spi_send_recv	24	static
../Core/Src/mt6835.c:128:11:mt6835_create	16	static
../Core/Src/mt6835.c:144:6:mt6835_destroy	16	static
../Core/Src/mt6835.c:156:6:mt6835_link_spi_cs_control	16	static
../Core/Src/mt6835.c:169:6:mt6835_link_spi_cs2_control	16	static
../Core/Src/mt6835.c:188:6:mt6835_link_spi_send	16	static
../Core/Src/mt6835.c:206:6:mt6835_link_spi_recv	16	static
../Core/Src/mt6835.c:224:6:mt6835_link_spi_send_recv	16	static
../Core/Src/mt6835.c:242:9:mt6835_get_id	16	static
../Core/Src/mt6835.c:251:6:mt6835_set_id	16	static
../Core/Src/mt6835.c:262:10:mt6835_get_raw_angle	32	static
../Core/Src/mt6835.c:325:7:mt6835_get_angle	24	static
../Core/Src/mt6835.c:336:10:mt6835_get_raw_zero_angle	24	static
../Core/Src/mt6835.c:350:7:mt6835_get_zero_angle	16	static
../Core/Src/mt6835.c:361:6:mt6835_set_zero_angle	24	static
../Core/Src/mt6835.c:386:9:mt6835_read_reg	24	static
../Core/Src/mt6835.c:412:6:mt6835_write_reg	24	static
../Core/Src/mt6835.c:431:6:mt6835_write_eeprom	24	static
