../Core/Src/mt6835.c:43:16:crc_table	24	static
../Core/Src/mt6835.c:59:6:mt6835_enable_crc_check	16	static
../Core/Src/mt6835.c:68:6:mt6835_disable_crc_check	16	static
../Core/Src/mt6835.c:78:28:mt6835_cs_control	16	static
../Core/Src/mt6835.c:82:28:mt6835_cs2_control	16	static
../Core/Src/mt6835.c:92:28:mt6835_spi_send	16	static
../Core/Src/mt6835.c:104:28:mt6835_spi_recv	16	static
../Core/Src/mt6835.c:116:28:mt6835_spi_send_recv	24	static
../Core/Src/mt6835.c:127:11:mt6835_create	16	static
../Core/Src/mt6835.c:143:6:mt6835_destroy	16	static
../Core/Src/mt6835.c:155:6:mt6835_link_spi_cs_control	16	static
../Core/Src/mt6835.c:168:6:mt6835_link_spi_cs2_control	16	static
../Core/Src/mt6835.c:187:6:mt6835_link_spi_send	16	static
../Core/Src/mt6835.c:205:6:mt6835_link_spi_recv	16	static
../Core/Src/mt6835.c:223:6:mt6835_link_spi_send_recv	16	static
../Core/Src/mt6835.c:241:9:mt6835_get_id	16	static
../Core/Src/mt6835.c:250:6:mt6835_set_id	16	static
../Core/Src/mt6835.c:261:10:mt6835_get_raw_angle	32	static
../Core/Src/mt6835.c:324:7:mt6835_get_angle	24	static
../Core/Src/mt6835.c:335:10:mt6835_get_raw_zero_angle	24	static
../Core/Src/mt6835.c:349:7:mt6835_get_zero_angle	16	static
../Core/Src/mt6835.c:360:6:mt6835_set_zero_angle	24	static
../Core/Src/mt6835.c:385:9:mt6835_read_reg	24	static
../Core/Src/mt6835.c:411:6:mt6835_write_reg	24	static
../Core/Src/mt6835.c:430:6:mt6835_write_eeprom	24	static
